Start CPU 0 of 2
Start CPU 1 of 2
Waiting for CPUs to exit
Wrong EFI loader signature.
early console in extract_kernel
input_data: 0x0000000002baa40d
input_len: 0x00000000009f7b24
output: 0x0000000001000000
output_len: 0x000000000255c1d8
kernel_total_size: 0x0000000002230000
needed_size: 0x0000000002600000
trampoline_32bit: 0x000000000009d000
Physical KASLR using RDRAND RDTSC...
Virtual KASLR using RDRAND RDTSC...

Decompressing Linux... Parsing ELF... Performing relocations... done.
Booting the kernel.
[    0.000000] Linux version 5.17.6 (root@192-168-56-11) (gcc (Ubuntu 9.4.0-1ubuntu1~20.04.1) 9.4.0, GNU ld (GNU Binutils for Ubuntu) 2.34) #1 SMP PREEMPT Thu May 12 18:29:28 CST 2022
[    0.000000] Command line: console=ttyS0 earlyprintk=serial noapic noacpi notsc debug apic=debug show_lapic=all mitigations=off lapic tsc_early_khz=2000 dyndbg="file arch/x86/kernel/smpboot.c +plf ; file drivers/net/virtio_net.c +plf" pci=realloc=off virtio_pci.force_legacy=1 rdinit=/init init=/init
[    0.000000] Disabled fast string operations
[    0.000000] x86/fpu: Supporting XSAVE feature 0x001: 'x87 floating point registers'
[    0.000000] x86/fpu: Supporting XSAVE feature 0x002: 'SSE registers'
[    0.000000] x86/fpu: Supporting XSAVE feature 0x004: 'AVX registers'
[    0.000000] x86/fpu: xstate_offset[2]:  576, xstate_sizes[2]:  256
[    0.000000] x86/fpu: Enabled xstate features 0x7, context size is 832 bytes, using 'compacted' format.
[    0.000000] signal: max sigframe size: 1776
[    0.000000] BIOS-provided physical RAM map:
[    0.000000] BIOS-e820: [mem 0x0000000000000000-0x000000000009fbff] usable
[    0.000000] BIOS-e820: [mem 0x000000000009fc00-0x000000000009ffff] reserved
[    0.000000] BIOS-e820: [mem 0x00000000000f0000-0x00000000000ffffe] reserved
[    0.000000] BIOS-e820: [mem 0x0000000000100000-0x000000003fffffff] usable
[    0.000000] printk: bootconsole [earlyser0] enabled
[    0.000000] NX (Execute Disable) protection: active
[    0.000000] DMI not present or invalid.
[    0.000000] tsc: Detected 2.000 MHz processor
[    0.427992] e820: update [mem 0x00000000-0x00000fff] usable ==> reserved
[    4.559051] e820: remove [mem 0x000a0000-0x000fffff] usable
[    7.437305] last_pfn = 0x40000 max_arch_pfn = 0x400000000
[   10.995320] Disabled
[   12.147534] x86/PAT: MTRRs disabled, skipping PAT initialization too.
[   16.057493] CPU MTRRs all blank - virtualized system.
[   19.324150] x86/PAT: Configuration [0-7]: WB  WT  UC- UC  WB  WT  UC- UC  
Memory KASLR using RDRAND RDTSC...
[   25.647842] Scan for SMP in [mem 0x00000000-0x000003ff]
[   28.947797] Scan for SMP in [mem 0x0009fc00-0x0009ffff]
[   31.971456] found SMP MP-table at [mem 0x0009fc30-0x0009fc3f]
[   35.028718]   mpc: 9fc40-a016c
[   37.158015] Using GB pages for direct mapping
[   40.085160] RAMDISK: [mem 0x0f000000-0x10ab9fff]
[   42.949220] ACPI: Early table checksum verification disabled
[   46.748424] ACPI BIOS Error (bug): A valid RSDP was not found (20211217/tbxfroot-210)
[   52.927068] No NUMA configuration found
[   55.114740] Faking a node at [mem 0x0000000000000000-0x000000003fffffff]
[   59.458474] NODE_DATA(0) allocated [mem 0x3fffc000-0x3fffffff]
[   63.120929] Zone ranges:
[   64.722273]   DMA      [mem 0x0000000000001000-0x0000000000ffffff]
[   68.771111]   DMA32    [mem 0x0000000001000000-0x000000003fffffff]
[   72.464587]   Normal   empty
[   74.182974] Movable zone start for each node
[   76.875129] Early memory node ranges
[   79.400504]   node   0: [mem 0x0000000000001000-0x000000000009efff]
[   83.467179]   node   0: [mem 0x0000000000100000-0x000000003fffffff]
[   87.408751] Initmem setup node 0 [mem 0x0000000000001000-0x000000003fffffff]
[   90.758930] On node 0, zone DMA: 1 pages in unavailable ranges
[   91.259408] On node 0, zone DMA: 97 pages in unavailable ranges
[  131.403837] Intel MultiProcessor Specification v1.4
[  137.824928]   mpc: 9fc40-a016c
[  139.717402] MPTABLE: OEM ID: 
[  141.411263] MPTABLE: Product ID: 
[  143.342197] MPTABLE: APIC at: 0xFEE00000
[  145.091657] mapped APIC to ffffffffff5fc000 (        fee00000)
[  147.424400] Processor #0 (Bootup-CPU)
[  149.590438] Processor #1
[  151.090151] BIOS bug, no explicit IRQ entries, using default mptable. (tell your hw vendor)
[  155.812431] Bus #0 is ISA   
[  157.115675] Int: type 0, pol 0, trig 0, bus 00, IRQ 00, APIC ID 0, APIC INT 02
[  161.644885] Int: type 0, pol 0, trig 0, bus 00, IRQ 01, APIC ID 0, APIC INT 01
[  165.892398] Int: type 0, pol 0, trig 0, bus 00, IRQ 03, APIC ID 0, APIC INT 03
[  170.507709] Int: type 0, pol 0, trig 0, bus 00, IRQ 04, APIC ID 0, APIC INT 04
[  174.679788] Int: type 0, pol 0, trig 0, bus 00, IRQ 05, APIC ID 0, APIC INT 05
[  178.898277] Int: type 0, pol 0, trig 0, bus 00, IRQ 06, APIC ID 0, APIC INT 06
[  183.194761] Int: type 0, pol 0, trig 0, bus 00, IRQ 07, APIC ID 0, APIC INT 07
[  187.898935] Int: type 0, pol 0, trig 0, bus 00, IRQ 08, APIC ID 0, APIC INT 08
[  192.651607] Int: type 0, pol 0, trig 0, bus 00, IRQ 09, APIC ID 0, APIC INT 09
[  197.555973] Int: type 0, pol 0, trig 0, bus 00, IRQ 0a, APIC ID 0, APIC INT 0a
[  202.234797] Int: type 0, pol 0, trig 0, bus 00, IRQ 0b, APIC ID 0, APIC INT 0b
[  205.342918] Int: type 0, pol 0, trig 0, bus 00, IRQ 0c, APIC ID 0, APIC INT 0c
[  208.263028] Int: type 0, pol 0, trig 0, bus 00, IRQ 0d, APIC ID 0, APIC INT 0d
[  212.561689] Int: type 0, pol 0, trig 0, bus 00, IRQ 0e, APIC ID 0, APIC INT 0e
[  216.982508] Int: type 0, pol 0, trig 0, bus 00, IRQ 0f, APIC ID 0, APIC INT 0f
[  220.965624] Int: type 3, pol 0, trig 0, bus 00, IRQ 00, APIC ID 0, APIC INT 00
[  225.387438] Processors: 2
[  226.991109] smpboot: Allowing 64 CPUs, 62 hotplug CPUs
[  230.316811] PM: hibernation: Registered nosave memory: [mem 0x00000000-0x00000fff]
[  237.215192] PM: hibernation: Registered nosave memory: [mem 0x0009f000-0x0009ffff]
[  241.627906] PM: hibernation: Registered nosave memory: [mem 0x000a0000-0x000effff]
[  246.743367] PM: hibernation: Registered nosave memory: [mem 0x000f0000-0x000fefff]
[  251.246209] PM: hibernation: Registered nosave memory: [mem 0x000ff000-0x000fffff]
[  255.699788] [mem 0x40000000-0xffffffff] available for PCI devices
[  259.547958] clocksource: refined-jiffies: mask: 0xffffffff max_cycles: 0xffffffff, max_idle_ns: 1910969940391419 ns
[  273.933107] setup_percpu: NR_CPUS:64 nr_cpumask_bits:64 nr_cpu_ids:64 nr_node_ids:1
[  313.885168] percpu: Embedded 52 pages/cpu s174872 r8192 d29928 u262144
[  318.150272] pcpu-alloc: s174872 r8192 d29928 u262144 alloc=1*2097152
[  322.158449] pcpu-alloc: [0] 00 01 02 03 04 05 06 07 [0] 08 09 10 11 12 13 14 15 
[  327.212494] pcpu-alloc: [0] 16 17 18 19 20 21 22 23 [0] 24 25 26 27 28 29 30 31 
[  332.060375] pcpu-alloc: [0] 32 33 34 35 36 37 38 39 [0] 40 41 42 43 44 45 46 47 
[  337.012005] pcpu-alloc: [0] 48 49 50 51 52 53 54 55 [0] 56 57 58 59 60 61 62 63 
[  341.874222] Fallback order for Node 0: 0 
[  344.140218] Built 1 zonelists, mobility grouping on.  Total pages: 257792
[  348.375015] Policy zone: DMA32
[  350.199285] Kernel command line: console=ttyS0 earlyprintk=serial noapic noacpi notsc debug apic=debug show_lapic=all mitigations=off lapic tsc_early_khz=2000 dyndbg="file arch/x86/kernel/smpboot.c +plf ; file drivers/net/virtio_net.c +plf" pci=realloc=off virtio_pci.force_legacy=1 rdinit=/init init=/init
[  368.054191] tsc: Marking TSC unstable due to boot parameter notsc
[  372.218063] Unknown kernel command line parameters "dyndbg=file arch/x86/kernel/smpboot.c +plf ; file drivers/net/virtio_net.c +plf", will be passed to user space.
[  381.679958] printk: log_buf_len individual max cpu contribution: 4096 bytes
[  385.971575] printk: log_buf_len total cpu_extra contributions: 258048 bytes
[  390.560487] printk: log_buf_len min size: 262144 bytes
[  399.164137] printk: log_buf_len: 524288 bytes
[  402.255775] printk: early log buf free: 255336(97%)
[  407.491590] Dentry cache hash table entries: 131072 (order: 8, 1048576 bytes, linear)
[  413.620393] Inode-cache hash table entries: 65536 (order: 7, 524288 bytes, linear)
[  419.512633] mem auto-init: stack:off, heap alloc:off, heap free:off
[  428.194352] Memory: 951416K/1048184K available (16396K kernel code, 2643K rwdata, 5080K rodata, 1264K init, 1344K bss, 96508K reserved, 0K cma-reserved)
[  436.899378] SLUB: HWalign=64, Order=0-3, MinObjects=0, CPUs=64, Nodes=1
[  442.265398] Dynamic Preempt: voluntary
[  444.693166] rcu: Preemptible hierarchical RCU implementation.
[  448.108000] rcu:     RCU event tracing is enabled.
[  450.719685]  Trampoline variant of Tasks RCU enabled.
[  453.752348] rcu: RCU calculated value of scheduler-enlistment delay is 100 jiffies.
[  461.307327] NR_IRQS: 4352, nr_irqs: 1040, preallocated irqs: 16
[  465.251948] random: get_random_bytes called from start_kernel+0x4ad/0x67b with crng_init=0
[  465.514872] Console: colour dummy device 80x25
[  472.407500] printk: console [ttyS0] enabled
[  472.407500] printk: console [ttyS0] enabled
[  476.853941] printk: bootconsole [earlyser0] disabled
[  476.853941] printk: bootconsole [earlyser0] disabled
[  483.363209] APIC: Switch to symmetric I/O mode setup
[  486.538751] Not enabling interrupt remapping due to skipped IO-APIC setup
[  490.850568] Switched APIC routing to physical flat.
[  494.642923] enabled ExtINT on CPU#0
[  497.298736] Calibrating delay loop (skipped), value calculated using timer frequency.. 4.00 BogoMIPS (lpj=2000)
[  497.298736] pid_max: default: 65536 minimum: 512
[  497.298736] LSM: Security Framework initializing
[  497.298736] SELinux:  Initializing.
[  497.298736] Mount-cache hash table entries: 2048 (order: 2, 16384 bytes, linear)
[  497.298736] Mountpoint-cache hash table entries: 2048 (order: 2, 16384 bytes, linear)
Poking KASLR using RDRAND RDTSC...
[  497.298736] Disabled fast string operations
[  497.298736] x86/cpu: User Mode Instruction Prevention (UMIP) activated
[  497.298736] Last level iTLB entries: 4KB 64, 2MB 8, 4MB 8
[  497.298736] Last level dTLB entries: 4KB 64, 2MB 0, 4MB 0, 1GB 4
[  497.298736] Speculative Store Bypass: Vulnerable
[  497.298736] Freeing SMP alternatives memory: 44K
[  497.298736] Using local APIC timer interrupts.
[  497.298736] calibrating APIC timer ...
[  497.298736] ... lapic delta = 30124
[  497.298736] ... PM-Timer delta = 0
[  497.298736] ..... delta 30124
[  497.298736] ..... mult: 1292785
[  497.298736] ..... calibration result: 4819
[  497.298736] ..... CPU clock speed is 13.0961 MHz.
[  497.298736] ..... host bus clock speed is 4.0819 MHz.
[  497.298736] ... verify APIC timer
[  497.320736] ... jiffies delta = 20
[  497.322736] APIC timer disabled due to verification failure
[  497.324736] smpboot: CPU0: Intel 06/a5 (family: 0x6, model: 0xa5, stepping: 0x3)
[  497.326736] cblist_init_generic: Setting adjustable number of callback queues.
[  497.328736] cblist_init_generic: Setting shift to 6 and lim to 1.
[  497.330736] Performance Events: unsupported p6 CPU model 165 no PMU driver, software events only.
[  497.333736] rcu: Hierarchical SRCU implementation.
[  497.338736] smp: Bringing up secondary CPUs ...
[  497.340736] x86: Booting SMP configuration:
[  497.342736] .... node  #0, CPUs:        #1
[   32.126197] masked ExtINT on CPU#1
[   32.126197] Disabled fast string operations
[  497.350736] smp: Brought up 1 node, 2 CPUs
[  497.351736] smpboot: Max logical packages: 32
[  497.353736] smpboot: Total of 2 processors activated (8.00 BogoMIPS)
[  497.357736] devtmpfs: initialized
[  497.359736] clocksource: jiffies: mask: 0xffffffff max_cycles: 0xffffffff, max_idle_ns: 1911260446275000 ns
[  497.361736] futex hash table entries: 16384 (order: 8, 1048576 bytes, linear)
[  497.366736] PM: RTC time: 00:00:00, date: 2000-00-00
[  497.368736] NET: Registered PF_NETLINK/PF_ROUTE protocol family
[  497.371736] audit: initializing netlink subsys (disabled)
[  497.373736] audit: type=2000 audit(943920000.081:1): state=initialized audit_enabled=0 res=1
[  497.373736] thermal_sys: Registered thermal governor 'step_wise'
[  497.373736] thermal_sys: Registered thermal governor 'user_space'
[  497.378736] cpuidle: using governor menu
[  497.383736] PCI: Using configuration type 1 for base access
[  497.388736] kprobes: kprobe jump-optimization is enabled. All kprobes are optimized if possible.
[  497.392736] HugeTLB registered 2.00 MiB page size, pre-allocated 0 pages
[  497.395736] ACPI: Interpreter disabled.
[  497.397736] iommu: Default domain type: Translated 
[  497.399736] iommu: DMA domain TLB invalidation policy: lazy mode 
[  497.401736] vgaarb: loaded
[  497.403736] SCSI subsystem initialized
[  497.405736] libata version 3.00 loaded.
[  497.407736] usbcore: registered new interface driver usbfs
[  497.409736] usbcore: registered new interface driver hub
[  497.412736] usbcore: registered new device driver usb
[  497.414736] pps_core: LinuxPPS API ver. 1 registered
[  497.416736] pps_core: Software ver. 5.3.6 - Copyright 2005-2007 Rodolfo Giometti <giometti@linux.it>
[  497.419736] PTP clock support registered
[  497.422736] Advanced Linux Sound Architecture Driver Initialized.
[  497.424736] NetLabel: Initializing
[  497.426736] NetLabel:  domain hash size = 128
[  497.428736] NetLabel:  protocols = UNLABELED CIPSOv4 CALIPSO
[  497.430736] NetLabel:  unlabeled traffic allowed by default
[  497.432736] PCI: Probing PCI hardware
[  497.434736] PCI: root bus 00: using default resources
[  497.436736] PCI: Probing PCI hardware (bus 00)
[  497.438736] PCI host bridge to bus 0000:00
[  497.440736] pci_bus 0000:00: root bus resource [io  0x0000-0xffff]
[  497.442736] pci_bus 0000:00: root bus resource [mem 0x00000000-0x7fffffffff]
[  497.444736] pci_bus 0000:00: No busn resource found for root bus, will use [bus 00-ff]
[  497.446736] pci 0000:00:00.0: [8086:6000] type 01 class 0x000000
[  497.448736] pci 0000:00:00.0: reg 0x10: [mem 0x00000000-0x0000000f]
[  497.450736] pci 0000:00:01.0: [1af4:1000] type 00 class 0x000000
[  497.452736] pci 0000:00:01.0: reg 0x10: [io  0x6200-0x62ff]
[  497.455736] pci 0000:00:02.0: [1af4:1001] type 00 class 0x000000
[  497.458736] pci 0000:00:02.0: reg 0x10: [io  0x6300-0x63ff]
[  497.461736] pci 0000:00:00.0: bridge configuration invalid ([bus 00-00]), reconfiguring
[  497.463736] pci_bus 0000:01: extended config space not accessible
[  497.466736] pci 0000:00:00.0: PCI bridge to [bus 01-ff]
[  497.468736] pci 0000:00:00.0:   bridge window [io  0x0000-0x0fff]
[  497.471736] pci 0000:00:00.0:   bridge window [mem 0x00000000-0x000fffff]
[  497.473736] pci 0000:00:00.0:   bridge window [mem 0x00000000-0x000fffff pref]
[  497.475736] pci_bus 0000:01: busn_res: [bus 01-ff] end is updated to 01
[  497.478736] pci_bus 0000:00: busn_res: [bus 00-ff] end is updated to 01
[  497.480736] PCI: pci_cache_line_size set to 64 bytes
[  497.483736] e820: reserve RAM buffer [mem 0x0009fc00-0x0009ffff]
[  497.485736] clocksource: Switched to clocksource refined-jiffies
[  497.507733] VFS: Disk quotas dquot_6.6.0
[  497.508733] VFS: Dquot-cache hash table entries: 512 (order 0, 4096 bytes)
[  497.510732] pnp: PnP ACPI: disabled
[  497.513732] NET: Registered PF_INET protocol family
[  497.514732] IP idents hash table entries: 16384 (order: 5, 131072 bytes, linear)
[  497.516731] tcp_listen_portaddr_hash hash table entries: 512 (order: 1, 8192 bytes, linear)
[  497.518731] TCP established hash table entries: 8192 (order: 4, 65536 bytes, linear)
[  497.520731] TCP bind hash table entries: 8192 (order: 5, 131072 bytes, linear)
[  497.523730] TCP: Hash tables configured (established 8192 bind 8192)
[  497.526730] UDP hash table entries: 512 (order: 2, 16384 bytes, linear)
[  497.528729] UDP-Lite hash table entries: 512 (order: 2, 16384 bytes, linear)
[  497.530729] NET: Registered PF_UNIX/PF_LOCAL protocol family
[  497.532729] RPC: Registered named UNIX socket transport module.
[  497.533729] RPC: Registered udp transport module.
[  497.535728] RPC: Registered tcp transport module.
[  497.536728] RPC: Registered tcp NFSv4.1 backchannel transport module.
[  497.538728] pci 0000:00:00.0: PCI bridge to [bus 01]
[  497.539728] pci_bus 0000:00: resource 4 [io  0x0000-0xffff]
[  497.541727] pci_bus 0000:00: resource 5 [mem 0x00000000-0x7fffffffff]
[  497.542727] PCI: CLS 0 bytes, default 64
[  497.544727] unchecked MSR access error: WRMSR to 0xe01 (tried to write 0x000000002000001f) at rIP: 0xffffffff9aa1a4ee (skl_uncore_msr_init_box+0x2e/0x70)
[  497.546727] Call Trace:
[  497.547727]  <TASK>
[  497.547727]  uncore_box_ref.part.0+0x94/0xc0
[  497.548726] random: fast init done
[  497.551726]  ? uncore_pci_pmu_unregister+0x90/0x90
[  497.553726]  uncore_event_cpu_online+0x50/0x1b0
[  497.554726]  ? uncore_pci_pmu_unregister+0x90/0x90
[  497.556725]  cpuhp_invoke_callback+0xf3/0x490
[  497.558725]  ? __schedule+0x281/0x6e0
[  497.559725]  cpuhp_thread_fun+0x8d/0x140
[  497.561724]  smpboot_thread_fn+0x180/0x220
[  497.562724]  ? sort_range+0x20/0x20
[  497.564724]  kthread+0xe0/0x110
[  497.565724]  ? kthread_complete_and_exit+0x20/0x20
[  497.567724]  ret_from_fork+0x1f/0x30
[  497.569723]  </TASK>
[  497.570723] Call Trace:
[  497.571723]  <TASK>
[  497.572723]  uncore_box_ref.part.0+0x94/0xc0
[  497.573723]  ? uncore_pci_pmu_unregister+0x90/0x90
[  497.575722]  uncore_event_cpu_online+0x50/0x1b0
[  497.576722]  ? uncore_pci_pmu_unregister+0x90/0x90
[  497.577722]  cpuhp_invoke_callback+0xf3/0x490
[  497.579722]  ? __schedule+0x281/0x6e0
[  497.581721]  cpuhp_thread_fun+0x8d/0x140
[  497.582721]  smpboot_thread_fn+0x180/0x220
[  497.583721]  ? sort_range+0x20/0x20
[  497.584721]  kthread+0xe0/0x110
[  497.584721] Unpacking initramfs...
[  497.585721]  ? kthread_complete_and_exit+0x20/0x20
[  497.587720]  ret_from_fork+0x1f/0x30
[  497.588720]  </TASK>
[  497.607717] platform rtc_cmos: registered platform RTC device (no PNP device found)
[  497.611717] Initialise system trusted keyrings
[  497.613717] workingset: timestamp_bits=56 max_order=18 bucket_order=0
[  497.616716] NFS: Registering the id_resolver key type
[  497.618716] Key type id_resolver registered
[  497.619716] Key type id_legacy registered
[  497.621715] 9p: Installing v9fs 9p2000 file system support
[  497.629714] Key type asymmetric registered
[  497.630714] Asymmetric key parser 'x509' registered
[  497.631714] Block layer SCSI generic (bsg) driver version 0.4 loaded (major 251)
[  497.634713] io scheduler mq-deadline registered
[  497.635713] io scheduler kyber registered
[  497.638713] acpi_thermal_pm (41) used greatest stack depth: 15664 bytes left
[  497.638713] Serial: 8250/16550 driver, 4 ports, IRQ sharing enabled
Ã¿[  497.799688] Freeing initrd memory: 27368K
[  497.902673] serial8250: ttyS0 at I/O 0x3f8 (irq = 4, base_baud = 115200) is a 8250
[  497.905672] Non-volatile memory driver v1.3
[  497.908672] Linux agpgart interface v0.103
[  497.918670] loop: module loaded
[  497.919670] virtio_blk virtio1: [vda] 0 512-byte logical blocks (0 B/0 B)
[  497.922670] e100: Intel(R) PRO/100 Network Driver
[  497.924669] e100: Copyright(c) 1999-2006 Intel Corporation
[  497.926669] e1000: Intel(R) PRO/1000 Network Driver
[  497.928669] e1000: Copyright (c) 1999-2006 Intel Corporation.
[  497.930668] e1000e: Intel(R) PRO/1000 Network Driver
[  497.933668] e1000e: Copyright(c) 1999 - 2015 Intel Corporation.
[  497.935668] sky2: driver version 1.30
[  497.937667] ehci_hcd: USB 2.0 'Enhanced' Host Controller (EHCI) Driver
[  497.939667] ehci-pci: EHCI PCI platform driver
[  497.941667] ohci_hcd: USB 1.1 'Open' Host Controller (OHCI) Driver
[  497.943666] ohci-pci: OHCI PCI platform driver
[  497.946666] uhci_hcd: USB Universal Host Controller Interface driver
[  497.948666] usbcore: registered new interface driver usblp
[  497.950665] usbcore: registered new interface driver usb-storage
[  497.952665] i8042: PNP: No PS/2 controller found.
[  497.954665] i8042: Probing ports directly.
[  497.958664] i8042: Can't read CTR while initializing i8042
[  497.960664] i8042: probe of i8042 failed with error -5
[  497.963663] rtc_cmos rtc_cmos: only 24-hr supported
[  497.965663] device-mapper: ioctl: 4.45.0-ioctl (2021-03-22) initialised: dm-devel@redhat.com
[  497.967663] intel_pstate: CPU model not supported
[  497.969662] hid: raw HID events driver (C) Jiri Kosina
[  497.971662] usbcore: registered new interface driver usbhid
[  497.973662] usbhid: USB HID core driver
[  497.976661] Initializing XFRM netlink socket
[  497.977661] NET: Registered PF_INET6 protocol family
[  497.980661] Segment Routing with IPv6
[  497.981661] In-situ OAM (IOAM) with IPv6
[  497.983660] sit: IPv6, IPv4 and MPLS over IPv4 tunneling driver
[  497.985660] NET: Registered PF_PACKET protocol family
[  497.987660] 9pnet: Installing 9P2000 support
[  497.990659] Key type dns_resolver registered
[  497.992659] microcode: sig=0xa0653, pf=0x1, revision=0x1
[  497.994659] microcode: Microcode Update Driver: v2.2.
[  497.994659] IPI shorthand broadcast: enabled
[  497.999658] ... APIC ID:      00000000 (0)
[  497.999658] ... APIC VERSION: 00050014
[  497.999658] 0000000000000000000000000000000000000000000000000000000000000000
[  497.999658] 0000000000000000000000000000000000000000000000000000000000000000
[  497.999658] 0000000000000000000000000000000000000000000000000000000000000000
[  497.999658] 
[  498.001658] ... APIC ID:      01000000 (1)
[  498.001658] ... APIC VERSION: 00050014
[  498.001658] 0000000000000000000000000000000000000000000000000000000000000000
[  498.001658] 0000000000000000000000000000000000000000000000000000000000000000
[  498.001658] 0000000000000000000000000000000000000000000000000000000000001000
[  498.001658] 
[  498.014656] number of MP IRQ sources: 16.
[  498.016655] testing the IO APIC.......................
[  498.018655] IRQ to pin mappings:
[  498.020655] .................................... done.
[  498.022654] registered taskstats version 1
[  498.024654] Loading compiled-in X.509 certificates
[  498.028653] cryptomgr_test (52) used greatest stack depth: 15168 bytes left
[  498.032653] PM:   Magic number: 0:110:269243
[  498.034653] printk: console [netcon0] enabled
[  498.035652] netconsole: network logging started
[  498.037652] cfg80211: Loading compiled-in X.509 certificates for regulatory database
[  498.042651] modprobe (67) used greatest stack depth: 14656 bytes left
[  498.044651] modprobe (68) used greatest stack depth: 14248 bytes left
[  498.044651] cfg80211: Loaded X.509 cert 'sforshee: 00b28ddf47aef9cea7'
[  498.048650] Unstable clock detected, switching default tracing clock to "global"
[  498.048650] If you want to keep using the local clock, then add:
[  498.048650]   "trace_clock=local"
[  498.048650] on the kernel command line
[  498.048650] platform regulatory.0: Direct firmware load for regulatory.db failed with error -2
[  498.054650] cfg80211: failed to load regulatory.db
[  498.056649] ALSA device list:
[  498.057649]   No soundcards found.
[  498.068647] Freeing unused kernel image (initmem) memory: 1264K
[  498.074646] Write protecting the kernel read-only data: 24576k
[  498.080646] Freeing unused kernel image (text/rodata gap) memory: 2032K
[  498.085645] Freeing unused kernel image (rodata/data gap) memory: 1064K
[  498.089644] Run /init as init process
[  498.092644]   with arguments:
[  498.095643]     /init
[  498.098643]   with environment:
[  498.101642]     HOME=/
[  498.104642]     TERM=linux
[  498.107641]     dyndbg=file arch/x86/kernel/smpboot.c +plf ; file drivers/net/virtio_net.c +plf
[  498.115640] cat (77) used greatest stack depth: 14080 bytes left